E:\MCUXpressoIDE\Datalogger\CMSIS/core_cm0plus.h:741:22:__NVIC_EnableIRQ	16	static
E:\MCUXpressoIDE\Datalogger\CMSIS/core_cm0plus.h:850:22:__NVIC_SetPriority	24	static
../drivers/my_gpio.c:20:6:GPIO_Init	32	static
../drivers/my_gpio.c:56:6:GPIO_SetPriority	16	static
../drivers/my_gpio.c:64:6:ClearPortInterruptFlags	32	static
../drivers/my_gpio.c:73:6:handlePortInterrupt	16	static
../drivers/my_gpio.c:81:6:PORTBCD_IRQHandler	8	static
../drivers/my_gpio.c:90:6:PORTAE_IRQHandler	8	static
../drivers/my_gpio.c:98:6:GPIO_WritePin	16	static
../drivers/my_gpio.c:105:12:GPIO_ReadPin	16	static
../drivers/my_gpio.c:108:6:GPIO_TogglePin	16	static
