E:\MCUXpressoIDE\Datalogger\CMSIS/core_cm0plus.h:741:22:__NVIC_EnableIRQ	16	static
../drivers/my_lpuart.c:14:6:LPUART_begin	24	static
../drivers/my_lpuart.c:58:6:LPUART_enableInterrupts	8	static
../drivers/my_lpuart.c:71:6:LPUART_Callback	16	static
../drivers/my_lpuart.c:85:6:enableLPUARTClock	8	static
../drivers/my_lpuart.c:98:6:setupPinPort	8	static
../drivers/my_lpuart.c:122:6:LPUART_print	24	static
../drivers/my_lpuart.c:133:6:LPUART_println	16	static
../drivers/my_lpuart.c:139:9:LPUART_available	8	static
../drivers/my_lpuart.c:144:7:LPUART_readString	24	static
../drivers/my_lpuart.c:163:7:LPUART_readUntil	40	static
../drivers/my_lpuart.c:203:10:LPUART_readBytes	24	static
../drivers/my_lpuart.c:214:6:LPUART0_IRQHandler	8	static
../drivers/my_lpuart.c:217:6:LPUART1_IRQHandler	8	static
../drivers/my_lpuart.c:220:6:LPUART2_IRQHandler	8	static
