E:\MCUXpressoIDE\Ass\CMSIS/core_cm0plus.h:850:22:__NVIC_SetPriority	24	static
E:\MCUXpressoIDE\Ass\CMSIS/core_cm0plus.h:1058:26:SysTick_Config	16	static
../source/ass.c:34:5:main	8	static
../source/ass.c:63:6:lpitCallback	8	static
../source/ass.c:66:6:buttonCallback	16	static
../source/ass.c:72:6:turnOffAll	8	static
../source/ass.c:78:6:mode1	8	static
../source/ass.c:89:6:mode2	8	static
../source/ass.c:100:6:initGPIO	104	static
../source/ass.c:124:6:enableClock	8	static
../source/ass.c:134:6:SysTick_Handler	8	static
../source/ass.c:144:6:SysTick_DelayTicks	16	static
