E:\MCUXpressoIDE\Ass\CMSIS/core_cm0plus.h:850:22:__NVIC_SetPriority	24	static
E:\MCUXpressoIDE\Ass\CMSIS/core_cm0plus.h:1058:26:SysTick_Config	16	static
../source/Test_3.c:32:5:main	8	static
../source/Test_3.c:58:14:buttonCallback	16	static
../source/Test_3.c:64:6:mode1	8	static
../source/Test_3.c:75:6:mode2	8	static
../source/Test_3.c:86:6:initGPIO	104	static
../source/Test_3.c:115:6:enableClock	8	static
../source/Test_3.c:121:6:SysTick_Handler	8	static
../source/Test_3.c:130:6:SysTick_DelayTicks	16	static
